log file /etc/frr/frr.log informational
log timestamp precision 3
hostname dummyhostname
ip nht resolve-via-default
ipv6 nht resolve-via-default
route-map 192.168.1.2-in deny 20

ip prefix-list 192.168.1.2-10:169-ipv4-community-prefixes permit 192.169.1.0/24
route-map 192.168.1.2-out permit 1
  match ip address prefix-list 192.168.1.2-10:169-ipv4-community-prefixes
  set community 10:169 additive
  on-match next
ip prefix-list 192.168.1.2-10:170-ipv4-community-prefixes permit 192.169.1.0/24
route-map 192.168.1.2-out permit 2
  match ip address prefix-list 192.168.1.2-10:170-ipv4-community-prefixes
  set community 10:170 additive
  on-match next

ip prefix-list 192.168.1.2-pl-ipv4 permit 192.169.1.0/24

ip prefix-list 192.168.1.2-10:170-ipv4-community-prefixes permit 192.169.1.0/22
route-map 192.168.1.2-out permit 3
  match ip address prefix-list 192.168.1.2-10:170-ipv4-community-prefixes
  set community 10:170 additive
  on-match next
ip prefix-list 192.168.1.2-large:123:456:7890-ipv4-community-prefixes permit 192.169.1.0/22
route-map 192.168.1.2-out permit 4
  match ip address prefix-list 192.168.1.2-large:123:456:7890-ipv4-community-prefixes
  set large-community 123:456:7890 additive
  on-match next

ip prefix-list 192.168.1.2-pl-ipv4 permit 192.169.1.0/22

ip prefix-list 192.168.1.2-10:170-ipv4-community-prefixes permit 192.170.1.0/22
route-map 192.168.1.2-out permit 5
  match ip address prefix-list 192.168.1.2-10:170-ipv4-community-prefixes
  set community 10:170 additive
  on-match next

ip prefix-list 192.168.1.2-pl-ipv4 permit 192.170.1.0/22

route-map 192.168.1.2-out permit 6
  match ip address prefix-list 192.168.1.2-pl-ipv4
route-map 192.168.1.2-out permit 7
  match ipv6 address prefix-list 192.168.1.2-pl-ipv4


ip prefix-list 192.168.1.2-pl-ipv4 deny any
ipv6 prefix-list 192.168.1.2-pl-ipv4 deny any
route-map 192.168.1.3-in deny 20


ip prefix-list 192.168.1.3-pl-ipv4 permit 192.169.1.0/24

route-map 192.168.1.3-out permit 1
  match ip address prefix-list 192.168.1.3-pl-ipv4
route-map 192.168.1.3-out permit 2
  match ipv6 address prefix-list 192.168.1.3-pl-ipv4


ip prefix-list 192.168.1.3-pl-ipv4 deny any
ipv6 prefix-list 192.168.1.3-pl-ipv4 deny any

router bgp 65000
  no bgp ebgp-requires-policy
  no bgp network import-check
  no bgp default ipv4-unicast

  neighbor 192.168.1.2 remote-as 65001
  neighbor 192.168.1.2 port 4567
  neighbor 192.168.1.2 timers 0 0
  
  

  address-family ipv4 unicast
    neighbor 192.168.1.2 activate
    neighbor 192.168.1.2 route-map 192.168.1.2-in in
    neighbor 192.168.1.2 route-map 192.168.1.2-out out
  exit-address-family
  address-family ipv6 unicast
    neighbor 192.168.1.2 activate
    neighbor 192.168.1.2 route-map 192.168.1.2-in in
    neighbor 192.168.1.2 route-map 192.168.1.2-out out
  exit-address-family
router bgp 65000 vrf red
  no bgp ebgp-requires-policy
  no bgp network import-check
  no bgp default ipv4-unicast

  neighbor 192.168.1.3 remote-as 65001
  
  neighbor 192.168.1.3 timers 0 0
  
  

  address-family ipv4 unicast
    neighbor 192.168.1.3 activate
    neighbor 192.168.1.3 route-map 192.168.1.3-in in
    neighbor 192.168.1.3 route-map 192.168.1.3-out out
  exit-address-family
  address-family ipv6 unicast
    neighbor 192.168.1.3 activate
    neighbor 192.168.1.3 route-map 192.168.1.3-in in
    neighbor 192.168.1.3 route-map 192.168.1.3-out out
  exit-address-family
  address-family ipv4 unicast
    network 192.169.1.0/24
  exit-address-family


